// Jest Snapshot v1, https://goo.gl/fbAQLP

exports[`<Login /> snapshot check 1`] = `
<div
  className="BlankCard Login"
>
  <header>
    <h3>
      Login
    </h3>
  </header>
  <form>
    <div
      className="form-item"
    >
      <input
        className="TextInput"
        placeholder="Email"
        type="email"
      />
    </div>
    <div
      className="form-item"
    >
      <input
        className="TextInput"
        placeholder="Password"
        type="password"
      />
    </div>
    <div
      className="form-item__submit"
    >
      <button
        className="button primary"
        style={
          Object {
            "backgroundColor": undefined,
          }
        }
      >
        Continue
      </button>
    </div>
  </form>
  <hr />
  <div
    className="form-item__google-login"
  >
    <button
      className="button primary"
      style={
        Object {
          "backgroundColor": undefined,
        }
      }
    >
      Login with Google
    </button>
  </div>
</div>
`;
