// Jest Snapshot v1, https://goo.gl/fbAQLP

exports[`<NavBar /> snapshot check 1`] = `
<div
  className="NavBar"
>
  <div
    className="container"
  >
    <div
      className="left-side"
    >
      <h3>
        My Dashboard
      </h3>
    </div>
    <div
      className="right-side"
    >
      <a>
        My Account
      </a>
      <a>
        Logout
      </a>
    </div>
  </div>
</div>
`;
